------------------------------------------------------------
TimeQuest Timing Analyzer Summary
------------------------------------------------------------

Type  : Slow 1100mV 85C Model Setup 'altera_reserved_tck'
Slack : 10.807
TNS   : 0.000

Type  : Slow 1100mV 85C Model Setup 'inst12|clock_divider_inst|altera_pll_i|general[0].gpll~PLL_OUTPUT_COUNTER|divclk'
Slack : 17.248
TNS   : 0.000

Type  : Slow 1100mV 85C Model Hold 'inst12|clock_divider_inst|altera_pll_i|general[0].gpll~PLL_OUTPUT_COUNTER|divclk'
Slack : 0.222
TNS   : 0.000

Type  : Slow 1100mV 85C Model Hold 'altera_reserved_tck'
Slack : 0.426
TNS   : 0.000

Type  : Slow 1100mV 85C Model Recovery 'inst12|clock_divider_inst|altera_pll_i|general[0].gpll~PLL_OUTPUT_COUNTER|divclk'
Slack : 35.295
TNS   : 0.000

Type  : Slow 1100mV 85C Model Recovery 'altera_reserved_tck'
Slack : 35.545
TNS   : 0.000

Type  : Slow 1100mV 85C Model Removal 'altera_reserved_tck'
Slack : 0.726
TNS   : 0.000

Type  : Slow 1100mV 85C Model Removal 'inst12|clock_divider_inst|altera_pll_i|general[0].gpll~PLL_OUTPUT_COUNTER|divclk'
Slack : 0.805
TNS   : 0.000

Type  : Slow 1100mV 85C Model Minimum Pulse Width 'inst12|clock_divider_inst|altera_pll_i|general[0].gpll~FRACTIONAL_PLL|vcoph[0]'
Slack : 1.666
TNS   : 0.000

Type  : Slow 1100mV 85C Model Minimum Pulse Width 'CLOCK_50'
Slack : 9.670
TNS   : 0.000

Type  : Slow 1100mV 85C Model Minimum Pulse Width 'altera_reserved_tck'
Slack : 18.503
TNS   : 0.000

Type  : Slow 1100mV 85C Model Minimum Pulse Width 'inst12|clock_divider_inst|altera_pll_i|general[0].gpll~PLL_OUTPUT_COUNTER|divclk'
Slack : 18.765
TNS   : 0.000

Type  : Slow 1100mV 0C Model Setup 'altera_reserved_tck'
Slack : 10.882
TNS   : 0.000

Type  : Slow 1100mV 0C Model Setup 'inst12|clock_divider_inst|altera_pll_i|general[0].gpll~PLL_OUTPUT_COUNTER|divclk'
Slack : 17.116
TNS   : 0.000

Type  : Slow 1100mV 0C Model Hold 'inst12|clock_divider_inst|altera_pll_i|general[0].gpll~PLL_OUTPUT_COUNTER|divclk'
Slack : 0.206
TNS   : 0.000

Type  : Slow 1100mV 0C Model Hold 'altera_reserved_tck'
Slack : 0.443
TNS   : 0.000

Type  : Slow 1100mV 0C Model Recovery 'inst12|clock_divider_inst|altera_pll_i|general[0].gpll~PLL_OUTPUT_COUNTER|divclk'
Slack : 35.455
TNS   : 0.000

Type  : Slow 1100mV 0C Model Recovery 'altera_reserved_tck'
Slack : 35.758
TNS   : 0.000

Type  : Slow 1100mV 0C Model Removal 'altera_reserved_tck'
Slack : 0.665
TNS   : 0.000

Type  : Slow 1100mV 0C Model Removal 'inst12|clock_divider_inst|altera_pll_i|general[0].gpll~PLL_OUTPUT_COUNTER|divclk'
Slack : 0.757
TNS   : 0.000

Type  : Slow 1100mV 0C Model Minimum Pulse Width 'inst12|clock_divider_inst|altera_pll_i|general[0].gpll~FRACTIONAL_PLL|vcoph[0]'
Slack : 1.666
TNS   : 0.000

Type  : Slow 1100mV 0C Model Minimum Pulse Width 'CLOCK_50'
Slack : 9.673
TNS   : 0.000

Type  : Slow 1100mV 0C Model Minimum Pulse Width 'altera_reserved_tck'
Slack : 18.503
TNS   : 0.000

Type  : Slow 1100mV 0C Model Minimum Pulse Width 'inst12|clock_divider_inst|altera_pll_i|general[0].gpll~PLL_OUTPUT_COUNTER|divclk'
Slack : 18.743
TNS   : 0.000

Type  : Fast 1100mV 85C Model Setup 'altera_reserved_tck'
Slack : 12.888
TNS   : 0.000

Type  : Fast 1100mV 85C Model Setup 'inst12|clock_divider_inst|altera_pll_i|general[0].gpll~PLL_OUTPUT_COUNTER|divclk'
Slack : 26.565
TNS   : 0.000

Type  : Fast 1100mV 85C Model Hold 'inst12|clock_divider_inst|altera_pll_i|general[0].gpll~PLL_OUTPUT_COUNTER|divclk'
Slack : 0.135
TNS   : 0.000

Type  : Fast 1100mV 85C Model Hold 'altera_reserved_tck'
Slack : 0.159
TNS   : 0.000

Type  : Fast 1100mV 85C Model Recovery 'altera_reserved_tck'
Slack : 36.726
TNS   : 0.000

Type  : Fast 1100mV 85C Model Recovery 'inst12|clock_divider_inst|altera_pll_i|general[0].gpll~PLL_OUTPUT_COUNTER|divclk'
Slack : 37.032
TNS   : 0.000

Type  : Fast 1100mV 85C Model Removal 'altera_reserved_tck'
Slack : 0.351
TNS   : 0.000

Type  : Fast 1100mV 85C Model Removal 'inst12|clock_divider_inst|altera_pll_i|general[0].gpll~PLL_OUTPUT_COUNTER|divclk'
Slack : 0.447
TNS   : 0.000

Type  : Fast 1100mV 85C Model Minimum Pulse Width 'inst12|clock_divider_inst|altera_pll_i|general[0].gpll~FRACTIONAL_PLL|vcoph[0]'
Slack : 1.666
TNS   : 0.000

Type  : Fast 1100mV 85C Model Minimum Pulse Width 'CLOCK_50'
Slack : 9.336
TNS   : 0.000

Type  : Fast 1100mV 85C Model Minimum Pulse Width 'altera_reserved_tck'
Slack : 18.302
TNS   : 0.000

Type  : Fast 1100mV 85C Model Minimum Pulse Width 'inst12|clock_divider_inst|altera_pll_i|general[0].gpll~PLL_OUTPUT_COUNTER|divclk'
Slack : 18.886
TNS   : 0.000

Type  : Fast 1100mV 0C Model Setup 'altera_reserved_tck'
Slack : 13.011
TNS   : 0.000

Type  : Fast 1100mV 0C Model Setup 'inst12|clock_divider_inst|altera_pll_i|general[0].gpll~PLL_OUTPUT_COUNTER|divclk'
Slack : 27.712
TNS   : 0.000

Type  : Fast 1100mV 0C Model Hold 'inst12|clock_divider_inst|altera_pll_i|general[0].gpll~PLL_OUTPUT_COUNTER|divclk'
Slack : 0.122
TNS   : 0.000

Type  : Fast 1100mV 0C Model Hold 'altera_reserved_tck'
Slack : 0.145
TNS   : 0.000

Type  : Fast 1100mV 0C Model Recovery 'altera_reserved_tck'
Slack : 37.112
TNS   : 0.000

Type  : Fast 1100mV 0C Model Recovery 'inst12|clock_divider_inst|altera_pll_i|general[0].gpll~PLL_OUTPUT_COUNTER|divclk'
Slack : 37.340
TNS   : 0.000

Type  : Fast 1100mV 0C Model Removal 'altera_reserved_tck'
Slack : 0.311
TNS   : 0.000

Type  : Fast 1100mV 0C Model Removal 'inst12|clock_divider_inst|altera_pll_i|general[0].gpll~PLL_OUTPUT_COUNTER|divclk'
Slack : 0.404
TNS   : 0.000

Type  : Fast 1100mV 0C Model Minimum Pulse Width 'inst12|clock_divider_inst|altera_pll_i|general[0].gpll~FRACTIONAL_PLL|vcoph[0]'
Slack : 1.666
TNS   : 0.000

Type  : Fast 1100mV 0C Model Minimum Pulse Width 'CLOCK_50'
Slack : 9.286
TNS   : 0.000

Type  : Fast 1100mV 0C Model Minimum Pulse Width 'altera_reserved_tck'
Slack : 18.320
TNS   : 0.000

Type  : Fast 1100mV 0C Model Minimum Pulse Width 'inst12|clock_divider_inst|altera_pll_i|general[0].gpll~PLL_OUTPUT_COUNTER|divclk'
Slack : 18.885
TNS   : 0.000

------------------------------------------------------------
